[INFO] Scanning for projects...
[INFO] 
[INFO] --------------------< realworld:realworld-backend >---------------------
[INFO] Building  0.0.1-SNAPSHOT
[INFO]   from pom.xml
[INFO] --------------------------------[ jar ]---------------------------------
[INFO] 
[INFO] >>> spring-boot:3.5.14:run (default-cli) > test-compile @ realworld-backend >>>
[INFO] 
[INFO] --- resources:3.3.1:resources (default-resources) @ realworld-backend ---
[INFO] Copying 3 resources from src\main\resources to target\classes
[INFO] Copying 28 resources from src\main\resources to target\classes
[INFO] 
[INFO] --- compiler:3.14.1:compile (default-compile) @ realworld-backend ---
[INFO] Nothing to compile - all classes are up to date.
[INFO] 
[INFO] --- resources:3.3.1:testResources (default-testResources) @ realworld-backend ---
[INFO] Not copying test resources
[INFO] 
[INFO] --- compiler:3.14.1:testCompile (default-testCompile) @ realworld-backend ---
[INFO] Not compiling test sources
[INFO] 
[INFO] <<< spring-boot:3.5.14:run (default-cli) < test-compile @ realworld-backend <<<
[INFO] 
[INFO] 
[INFO] --- spring-boot:3.5.14:run (default-cli) @ realworld-backend ---
[INFO] Attaching agents: []

  .   ____          _            __ _ _
 /\\ / ___'_ __ _ _(_)_ __  __ _ \ \ \ \
( ( )\___ | '_ | '_| | '_ \/ _` | \ \ \ \
 \\/  ___)| |_)| | | | | || (_| |  ) ) ) )
  '  |____| .__|_| |_|_| |_\__, | / / / /
 =========|_|==============|___/=/_/_/_/

 :: Spring Boot ::               (v3.5.14)

2026-06-01T12:57:36.028+08:00  INFO 29160 --- [realworld-backend] [           main] r.RealworldBackendApplication            : Starting RealworldBackendApplication using Java 26 with PID 29160 (C:\Users\Administrator\Desktop\saas-frame-medias\realworld-backend\target\classes started by Administrator in C:\Users\Administrator\Desktop\saas-frame-medias\realworld-backend)
2026-06-01T12:57:36.030+08:00  INFO 29160 --- [realworld-backend] [           main] r.RealworldBackendApplication            : The following 1 profile is active: "local"
2026-06-01T12:57:36.790+08:00  INFO 29160 --- [realworld-backend] [           main] .s.d.r.c.RepositoryConfigurationDelegate : Multiple Spring Data modules found, entering strict repository configuration mode
2026-06-01T12:57:36.791+08:00  INFO 29160 --- [realworld-backend] [           main] .s.d.r.c.RepositoryConfigurationDelegate : Bootstrapping Spring Data JPA repositories in DEFAULT mode.
2026-06-01T12:57:37.058+08:00  INFO 29160 --- [realworld-backend] [           main] .s.d.r.c.RepositoryConfigurationDelegate : Finished Spring Data repository scanning in 258 ms. Found 26 JPA repository interfaces.
2026-06-01T12:57:37.070+08:00  INFO 29160 --- [realworld-backend] [           main] .s.d.r.c.RepositoryConfigurationDelegate : Multiple Spring Data modules found, entering strict repository configuration mode
2026-06-01T12:57:37.071+08:00  INFO 29160 --- [realworld-backend] [           main] .s.d.r.c.RepositoryConfigurationDelegate : Bootstrapping Spring Data Redis repositories in DEFAULT mode.
2026-06-01T12:57:37.104+08:00  INFO 29160 --- [realworld-backend] [           main] .RepositoryConfigurationExtensionSupport : Spring Data Redis - Could not safely identify store assignment for repository candidate interface realworld_backend.article.repository.ArticleRepository; If you want this repository to be a Redis repository, consider annotating your entities with one of these annotations: org.springframework.data.redis.core.RedisHash (preferred), or consider extending one of the following types with your repository: org.springframework.data.keyvalue.repository.KeyValueRepository
2026-06-01T12:57:37.104+08:00  INFO 29160 --- [realworld-backend] [           main] .RepositoryConfigurationExtensionSupport : Spring Data Redis - Could not safely identify store assignment for repository candidate interface realworld_backend.article.repository.AuthorRepository; If you want this repository to be a Redis repository, consider annotating your entities with one of these annotations: org.springframework.data.redis.core.RedisHash (preferred), or consider extending one of the following types with your repository: org.springframework.data.keyvalue.repository.KeyValueRepository
2026-06-01T12:57:37.104+08:00  INFO 29160 --- [realworld-backend] [           main] .RepositoryConfigurationExtensionSupport : Spring Data Redis - Could not safely identify store assignment for repository candidate interface realworld_backend.article.repository.CommentRepository; If you want this repository to be a Redis repository, consider annotating your entities with one of these annotations: org.springframework.data.redis.core.RedisHash (preferred), or consider extending one of the following types with your repository: org.springframework.data.keyvalue.repository.KeyValueRepository
2026-06-01T12:57:37.105+08:00  INFO 29160 --- [realworld-backend] [           main] .RepositoryConfigurationExtensionSupport : Spring Data Redis - Could not safely identify store assignment for repository candidate interface realworld_backend.article.repository.FavoriteRepository; If you want this repository to be a Redis repository, consider annotating your entities with one of these annotations: org.springframework.data.redis.core.RedisHash (preferred), or consider extending one of the following types with your repository: org.springframework.data.keyvalue.repository.KeyValueRepository
2026-06-01T12:57:37.105+08:00  INFO 29160 --- [realworld-backend] [           main] .RepositoryConfigurationExtensionSupport : Spring Data Redis - Could not safely identify store assignment for repository candidate interface realworld_backend.article.repository.FollowRepository; If you want this repository to be a Redis repository, consider annotating your entities with one of these annotations: org.springframework.data.redis.core.RedisHash (preferred), or consider extending one of the following types with your repository: org.springframework.data.keyvalue.repository.KeyValueRepository
2026-06-01T12:57:37.105+08:00  INFO 29160 --- [realworld-backend] [           main] .RepositoryConfigurationExtensionSupport : Spring Data Redis - Could not safely identify store assignment for repository candidate interface realworld_backend.article.repository.RoleRepository; If you want this repository to be a Redis repository, consider annotating your entities with one of these annotations: org.springframework.data.redis.core.RedisHash (preferred), or consider extending one of the following types with your repository: org.springframework.data.keyvalue.repository.KeyValueRepository
2026-06-01T12:57:37.106+08:00  INFO 29160 --- [realworld-backend] [           main] .RepositoryConfigurationExtensionSupport : Spring Data Redis - Could not safely identify store assignment for repository candidate interface realworld_backend.article.repository.TagRepository; If you want this repository to be a Redis repository, consider annotating your entities with one of these annotations: org.springframework.data.redis.core.RedisHash (preferred), or consider extending one of the following types with your repository: org.springframework.data.keyvalue.repository.KeyValueRepository
2026-06-01T12:57:37.106+08:00  INFO 29160 --- [realworld-backend] [           main] .RepositoryConfigurationExtensionSupport : Spring Data Redis - Could not safely identify store assignment for repository candidate interface realworld_backend.article.repository.UserProfileRepository; If you want this repository to be a Redis repository, consider annotating your entities with one of these annotations: org.springframework.data.redis.core.RedisHash (preferred), or consider extending one of the following types with your repository: org.springframework.data.keyvalue.repository.KeyValueRepository
2026-06-01T12:57:37.106+08:00  INFO 29160 --- [realworld-backend] [           main] .RepositoryConfigurationExtensionSupport : Spring Data Redis - Could not safely identify store assignment for repository candidate interface realworld_backend.auth.repository.AuthAuditLogRepository; If you want this repository to be a Redis repository, consider annotating your entities with one of these annotations: org.springframework.data.redis.core.RedisHash (preferred), or consider extending one of the following types with your repository: org.springframework.data.keyvalue.repository.KeyValueRepository
2026-06-01T12:57:37.106+08:00  INFO 29160 --- [realworld-backend] [           main] .RepositoryConfigurationExtensionSupport : Spring Data Redis - Could not safely identify store assignment for repository candidate interface realworld_backend.auth.repository.AuthRefreshTokenRepository; If you want this repository to be a Redis repository, consider annotating your entities with one of these annotations: org.springframework.data.redis.core.RedisHash (preferred), or consider extending one of the following types with your repository: org.springframework.data.keyvalue.repository.KeyValueRepository
2026-06-01T12:57:37.106+08:00  INFO 29160 --- [realworld-backend] [           main] .RepositoryConfigurationExtensionSupport : Spring Data Redis - Could not safely identify store assignment for repository candidate interface realworld_backend.auth.repository.AuthSessionRepository; If you want this repository to be a Redis repository, consider annotating your entities with one of these annotations: org.springframework.data.redis.core.RedisHash (preferred), or consider extending one of the following types with your repository: org.springframework.data.keyvalue.repository.KeyValueRepository
2026-06-01T12:57:37.106+08:00  INFO 29160 --- [realworld-backend] [           main] .RepositoryConfigurationExtensionSupport : Spring Data Redis - Could not safely identify store assignment for repository candidate interface realworld_backend.auth.repository.UserAuthProfileRepository; If you want this repository to be a Redis repository, consider annotating your entities with one of these annotations: org.springframework.data.redis.core.RedisHash (preferred), or consider extending one of the following types with your repository: org.springframework.data.keyvalue.repository.KeyValueRepository
2026-06-01T12:57:37.106+08:00  INFO 29160 --- [realworld-backend] [           main] .RepositoryConfigurationExtensionSupport : Spring Data Redis - Could not safely identify store assignment for repository candidate interface realworld_backend.commerce.repository.AbnormalOrderRepository; If you want this repository to be a Redis repository, consider annotating your entities with one of these annotations: org.springframework.data.redis.core.RedisHash (preferred), or consider extending one of the following types with your repository: org.springframework.data.keyvalue.repository.KeyValueRepository
2026-06-01T12:57:37.107+08:00  INFO 29160 --- [realworld-backend] [           main] .RepositoryConfigurationExtensionSupport : Spring Data Redis - Could not safely identify store assignment for repository candidate interface realworld_backend.commerce.repository.BusinessEventRepository; If you want this repository to be a Redis repository, consider annotating your entities with one of these annotations: org.springframework.data.redis.core.RedisHash (preferred), or consider extending one of the following types with your repository: org.springframework.data.keyvalue.repository.KeyValueRepository
2026-06-01T12:57:37.107+08:00  INFO 29160 --- [realworld-backend] [           main] .RepositoryConfigurationExtensionSupport : Spring Data Redis - Could not safely identify store assignment for repository candidate interface realworld_backend.commerce.repository.CustomerSubscriptionRepository; If you want this repository to be a Redis repository, consider annotating your entities with one of these annotations: org.springframework.data.redis.core.RedisHash (preferred), or consider extending one of the following types with your repository: org.springframework.data.keyvalue.repository.KeyValueRepository
2026-06-01T12:57:37.107+08:00  INFO 29160 --- [realworld-backend] [           main] .RepositoryConfigurationExtensionSupport : Spring Data Redis - Could not safely identify store assignment for repository candidate interface realworld_backend.commerce.repository.EntitlementGrantRepository; If you want this repository to be a Redis repository, consider annotating your entities with one of these annotations: org.springframework.data.redis.core.RedisHash (preferred), or consider extending one of the following types with your repository: org.springframework.data.keyvalue.repository.KeyValueRepository
2026-06-01T12:57:37.108+08:00  INFO 29160 --- [realworld-backend] [           main] .RepositoryConfigurationExtensionSupport : Spring Data Redis - Could not safely identify store assignment for repository candidate interface realworld_backend.commerce.repository.FeatureBundleRepository; If you want this repository to be a Redis repository, consider annotating your entities with one of these annotations: org.springframework.data.redis.core.RedisHash (preferred), or consider extending one of the following types with your repository: org.springframework.data.keyvalue.repository.KeyValueRepository
2026-06-01T12:57:37.108+08:00  INFO 29160 --- [realworld-backend] [           main] .RepositoryConfigurationExtensionSupport : Spring Data Redis - Could not safely identify store assignment for repository candidate interface realworld_backend.commerce.repository.InvoiceRepository; If you want this repository to be a Redis repository, consider annotating your entities with one of these annotations: org.springframework.data.redis.core.RedisHash (preferred), or consider extending one of the following types with your repository: org.springframework.data.keyvalue.repository.KeyValueRepository
2026-06-01T12:57:37.108+08:00  INFO 29160 --- [realworld-backend] [           main] .RepositoryConfigurationExtensionSupport : Spring Data Redis - Could not safely identify store assignment for repository candidate interface realworld_backend.commerce.repository.OrderRepository; If you want this repository to be a Redis repository, consider annotating your entities with one of these annotations: org.springframework.data.redis.core.RedisHash (preferred), or consider extending one of the following types with your repository: org.springframework.data.keyvalue.repository.KeyValueRepository
2026-06-01T12:57:37.108+08:00  INFO 29160 --- [realworld-backend] [           main] .RepositoryConfigurationExtensionSupport : Spring Data Redis - Could not safely identify store assignment for repository candidate interface realworld_backend.commerce.repository.PaymentErrorLogRepository; If you want this repository to be a Redis repository, consider annotating your entities with one of these annotations: org.springframework.data.redis.core.RedisHash (preferred), or consider extending one of the following types with your repository: org.springframework.data.keyvalue.repository.KeyValueRepository
2026-06-01T12:57:37.108+08:00  INFO 29160 --- [realworld-backend] [           main] .RepositoryConfigurationExtensionSupport : Spring Data Redis - Could not safely identify store assignment for repository candidate interface realworld_backend.commerce.repository.PaymentRepository; If you want this repository to be a Redis repository, consider annotating your entities with one of these annotations: org.springframework.data.redis.core.RedisHash (preferred), or consider extending one of the following types with your repository: org.springframework.data.keyvalue.repository.KeyValueRepository
2026-06-01T12:57:37.108+08:00  INFO 29160 --- [realworld-backend] [           main] .RepositoryConfigurationExtensionSupport : Spring Data Redis - Could not safely identify store assignment for repository candidate interface realworld_backend.commerce.repository.PlanProviderMappingRepository; If you want this repository to be a Redis repository, consider annotating your entities with one of these annotations: org.springframework.data.redis.core.RedisHash (preferred), or consider extending one of the following types with your repository: org.springframework.data.keyvalue.repository.KeyValueRepository
2026-06-01T12:57:37.108+08:00  INFO 29160 --- [realworld-backend] [           main] .RepositoryConfigurationExtensionSupport : Spring Data Redis - Could not safely identify store assignment for repository candidate interface realworld_backend.commerce.repository.ProductRepository; If you want this repository to be a Redis repository, consider annotating your entities with one of these annotations: org.springframework.data.redis.core.RedisHash (preferred), or consider extending one of the following types with your repository: org.springframework.data.keyvalue.repository.KeyValueRepository
2026-06-01T12:57:37.108+08:00  INFO 29160 --- [realworld-backend] [           main] .RepositoryConfigurationExtensionSupport : Spring Data Redis - Could not safely identify store assignment for repository candidate interface realworld_backend.commerce.repository.SubscriptionHistoryRepository; If you want this repository to be a Redis repository, consider annotating your entities with one of these annotations: org.springframework.data.redis.core.RedisHash (preferred), or consider extending one of the following types with your repository: org.springframework.data.keyvalue.repository.KeyValueRepository
2026-06-01T12:57:37.108+08:00  INFO 29160 --- [realworld-backend] [           main] .RepositoryConfigurationExtensionSupport : Spring Data Redis - Could not safely identify store assignment for repository candidate interface realworld_backend.commerce.repository.SubscriptionPlanRepository; If you want this repository to be a Redis repository, consider annotating your entities with one of these annotations: org.springframework.data.redis.core.RedisHash (preferred), or consider extending one of the following types with your repository: org.springframework.data.keyvalue.repository.KeyValueRepository
2026-06-01T12:57:37.108+08:00  INFO 29160 --- [realworld-backend] [           main] .RepositoryConfigurationExtensionSupport : Spring Data Redis - Could not safely identify store assignment for repository candidate interface realworld_backend.commerce.repository.WebhookIncidentRepository; If you want this repository to be a Redis repository, consider annotating your entities with one of these annotations: org.springframework.data.redis.core.RedisHash (preferred), or consider extending one of the following types with your repository: org.springframework.data.keyvalue.repository.KeyValueRepository
2026-06-01T12:57:37.109+08:00  INFO 29160 --- [realworld-backend] [           main] .s.d.r.c.RepositoryConfigurationDelegate : Finished Spring Data repository scanning in 31 ms. Found 0 Redis repository interfaces.
2026-06-01T12:57:37.573+08:00  INFO 29160 --- [realworld-backend] [           main] o.s.b.w.embedded.tomcat.TomcatWebServer  : Tomcat initialized with port 8081 (http)
2026-06-01T12:57:37.582+08:00  INFO 29160 --- [realworld-backend] [           main] o.apache.catalina.core.StandardService   : Starting service [Tomcat]
2026-06-01T12:57:37.582+08:00  INFO 29160 --- [realworld-backend] [           main] o.apache.catalina.core.StandardEngine    : Starting Servlet engine: [Apache Tomcat/10.1.54]
2026-06-01T12:57:37.630+08:00  INFO 29160 --- [realworld-backend] [           main] o.a.c.c.C.[Tomcat].[localhost].[/]       : Initializing Spring embedded WebApplicationContext
2026-06-01T12:57:37.631+08:00  INFO 29160 --- [realworld-backend] [           main] w.s.c.ServletWebServerApplicationContext : Root WebApplicationContext: initialization completed in 1576 ms
2026-06-01T12:57:37.846+08:00  INFO 29160 --- [realworld-backend] [           main] o.hibernate.jpa.internal.util.LogHelper  : HHH000204: Processing PersistenceUnitInfo [name: default]
2026-06-01T12:57:37.881+08:00  INFO 29160 --- [realworld-backend] [           main] org.hibernate.Version                    : HHH000412: Hibernate ORM core version 6.6.49.Final
2026-06-01T12:57:37.905+08:00  INFO 29160 --- [realworld-backend] [           main] o.h.c.internal.RegionFactoryInitiator    : HHH000026: Second-level cache disabled
2026-06-01T12:57:38.112+08:00  INFO 29160 --- [realworld-backend] [           main] o.s.o.j.p.SpringPersistenceUnitInfo      : No LoadTimeWeaver setup: ignoring JPA class transformer
2026-06-01T12:57:38.133+08:00  INFO 29160 --- [realworld-backend] [           main] com.zaxxer.hikari.HikariDataSource       : HikariPool-1 - Starting...
2026-06-01T12:57:38.310+08:00  INFO 29160 --- [realworld-backend] [           main] com.zaxxer.hikari.pool.HikariPool        : HikariPool-1 - Added connection com.mysql.cj.jdbc.ConnectionImpl@16cbba0f
2026-06-01T12:57:38.312+08:00  INFO 29160 --- [realworld-backend] [           main] com.zaxxer.hikari.HikariDataSource       : HikariPool-1 - Start completed.
2026-06-01T12:57:38.392+08:00  INFO 29160 --- [realworld-backend] [           main] org.hibernate.orm.connections.pooling    : HHH10001005: Database info:
	Database JDBC URL [Connecting through datasource 'HikariDataSource (HikariPool-1)']
	Database driver: undefined/unknown
	Database version: 8.4.9
	Autocommit mode: undefined/unknown
	Isolation level: undefined/unknown
	Minimum pool size: undefined/unknown
	Maximum pool size: undefined/unknown
2026-06-01T12:57:39.590+08:00  INFO 29160 --- [realworld-backend] [           main] o.h.e.t.j.p.i.JtaPlatformInitiator       : HHH000489: No JTA platform available (set 'hibernate.transaction.jta.platform' to enable JTA platform integration)
2026-06-01T12:57:39.752+08:00  INFO 29160 --- [realworld-backend] [           main] j.LocalContainerEntityManagerFactoryBean : Initialized JPA EntityManagerFactory for persistence unit 'default'
2026-06-01T12:57:40.022+08:00  INFO 29160 --- [realworld-backend] [           main] o.s.d.j.r.query.QueryEnhancerFactory     : Hibernate is in classpath; If applicable, HQL parser will be used.
WARNING: A terminally deprecated method in sun.misc.Unsafe has been called
WARNING: sun.misc.Unsafe::allocateMemory has been called by io.netty.util.internal.PlatformDependent0$2 (file:/C:/Users/Administrator/.m2/repository/io/netty/netty-common/4.1.132.Final/netty-common-4.1.132.Final.jar)
WARNING: Please consider reporting this to the maintainers of class io.netty.util.internal.PlatformDependent0$2
WARNING: sun.misc.Unsafe::allocateMemory will be removed in a future release
2026-06-01T12:57:42.933+08:00  INFO 29160 --- [realworld-backend] [           main] org.redisson.Version                     : Redisson 3.27.2
2026-06-01T12:57:43.121+08:00  INFO 29160 --- [realworld-backend] [isson-netty-4-5] o.redisson.connection.ConnectionsHolder  : 1 connections initialized for localhost/127.0.0.1:6380
2026-06-01T12:57:43.204+08:00  INFO 29160 --- [realworld-backend] [sson-netty-4-20] o.redisson.connection.ConnectionsHolder  : 24 connections initialized for localhost/127.0.0.1:6380
2026-06-01T12:57:43.404+08:00  WARN 29160 --- [realworld-backend] [           main] JpaBaseConfiguration$JpaWebConfiguration : spring.jpa.open-in-view is enabled by default. Therefore, database queries may be performed during view rendering. Explicitly configure spring.jpa.open-in-view to disable this warning
2026-06-01T12:57:43.608+08:00  INFO 29160 --- [realworld-backend] [           main] o.s.b.a.e.web.EndpointLinksResolver      : Exposing 4 endpoints beneath base path '/actuator'
2026-06-01T12:57:44.157+08:00  INFO 29160 --- [realworld-backend] [           main] o.s.b.w.embedded.tomcat.TomcatWebServer  : Tomcat started on port 8081 (http) with context path '/'
2026-06-01T12:57:44.168+08:00  INFO 29160 --- [realworld-backend] [           main] r.RealworldBackendApplication            : Started RealworldBackendApplication in 8.515 seconds (process running for 8.827)
2026-06-01T12:57:49.229+08:00  INFO 29160 --- [realworld-backend] [nio-8081-exec-1] o.a.c.c.C.[Tomcat].[localhost].[/]       : Initializing Spring DispatcherServlet 'dispatcherServlet'
2026-06-01T12:57:49.230+08:00  INFO 29160 --- [realworld-backend] [nio-8081-exec-1] o.s.web.servlet.DispatcherServlet        : Initializing Servlet 'dispatcherServlet'
2026-06-01T12:57:49.231+08:00  INFO 29160 --- [realworld-backend] [nio-8081-exec-1] o.s.web.servlet.DispatcherServlet        : Completed initialization in 1 ms
Hibernate: select a1_0.id,a1_0.author_id,a1_0.body,a1_0.created_at,a1_0.description,a1_0.favorites_count,a1_0.slug,a1_0.title,a1_0.updated_at from articles a1_0 where a1_0.slug=?
Hibernate: select tl1_0.article_id,tl1_1.id,tl1_1.name from article_tags tl1_0 join tags tl1_1 on tl1_1.id=tl1_0.tag_id where tl1_0.article_id=?
Hibernate: select a1_0.id,a1_0.user_id,up1_0.id,up1_0.bio,up1_0.email,up1_0.image,up1_0.user_auth_id,up1_0.username,a1_0.username from authors a1_0 join users up1_0 on up1_0.id=a1_0.user_id where a1_0.id=?
Hibernate: select uap1_0.id,uap1_0.email,uap1_0.mfa_enabled,uap1_0.password_hash,uap1_0.status,uap1_0.username from user_auth_profiles uap1_0 where uap1_0.username=?
2026-06-01T12:58:09.272+08:00  INFO 29160 --- [realworld-backend] [nio-8081-exec-4] r.a.i.stub.SimpleLoginAttemptService     : login success reset fail count, username=seed_reader_123
Hibernate: select as1_0.id,as1_0.created_at,as1_0.device_id,as1_0.expires_at,as1_0.ip,as1_0.last_accessed_at,as1_0.revoked_at,as1_0.risk_level,as1_0.session_id,as1_0.status,as1_0.user_agent,as1_0.user_id from auth_sessions as1_0 where as1_0.user_id=? and as1_0.device_id=?
Hibernate: select as1_0.id,as1_0.created_at,as1_0.device_id,as1_0.expires_at,as1_0.ip,as1_0.last_accessed_at,as1_0.revoked_at,as1_0.risk_level,as1_0.session_id,as1_0.status,as1_0.user_agent,as1_0.user_id from auth_sessions as1_0 where as1_0.user_id=? and as1_0.device_id=?
Hibernate: insert into auth_sessions (created_at,device_id,expires_at,ip,last_accessed_at,revoked_at,risk_level,session_id,status,user_agent,user_id) values (?,?,?,?,?,?,?,?,?,?,?)
Hibernate: select distinct art1_0.family_id from auth_refresh_tokens art1_0 join auth_sessions as1_0 on art1_0.session_id=as1_0.session_id where as1_0.user_id=? and as1_0.device_id=? and as1_0.status=? and as1_0.revoked_at is null
Hibernate: insert into auth_refresh_tokens (created_at,expires_at,family_id,parent_id,revoked_at,session_id,token_hash,used_at) values (?,?,?,?,?,?,?,?)
Hibernate: insert into auth_audit_logs (created_at,device_id,event_type,ip,payload_json,request_id,result,user_agent,user_id) values (?,?,?,?,?,?,?,?,?)
2026-06-01T12:58:09.415+08:00  INFO 29160 --- [realworld-backend] [nio-8081-exec-4] r.a.infrastructure.stub.LogAuditService  : audit eventType=successful login, userId=33, requestId=525247fe-7b7f-475b-b9bd-907b22f37813
Hibernate: select uap1_0.id,uap1_0.email,uap1_0.mfa_enabled,uap1_0.password_hash,uap1_0.status,uap1_0.username from user_auth_profiles uap1_0 where uap1_0.email=?
Hibernate: select up1_0.id,up1_0.bio,up1_0.email,up1_0.image,up1_0.user_auth_id,up1_0.username from users up1_0 where up1_0.user_auth_id=?
Hibernate: select up1_0.id,up1_0.bio,up1_0.email,up1_0.image,up1_0.user_auth_id,up1_0.username from users up1_0 where up1_0.email=?
2026-06-01T12:58:09.455+08:00  INFO 29160 --- [realworld-backend] [nio-8081-exec-5] r.c.w.r.CurrentUserArgumentResolver      : Resolved CurrentAuthUser from JWT: userId=33, sessionId=82eabeb1-9929-492d-a04d-3c127b1cde41, claims=[sub, sessionId, id, exp, iat, username]
Hibernate: select a1_0.id,a1_0.author_id,a1_0.body,a1_0.created_at,a1_0.description,a1_0.favorites_count,a1_0.slug,a1_0.title,a1_0.updated_at from articles a1_0 where a1_0.slug=?
Hibernate: select tl1_0.article_id,tl1_1.id,tl1_1.name from article_tags tl1_0 join tags tl1_1 on tl1_1.id=tl1_0.tag_id where tl1_0.article_id=?
Hibernate: select a1_0.id,a1_0.user_id,up1_0.id,up1_0.bio,up1_0.email,up1_0.image,up1_0.user_auth_id,up1_0.username,a1_0.username from authors a1_0 join users up1_0 on up1_0.id=a1_0.user_id where a1_0.id=?
Hibernate: select case when count(eg1_0.id)>0 then 1 else 0 end from entitlement_grants eg1_0 where eg1_0.user_id=? and eg1_0.resource_type=? and eg1_0.status=? and eg1_0.effective_at<=? and eg1_0.expire_at is null
Hibernate: select case when count(eg1_0.id)>0 then 1 else 0 end from entitlement_grants eg1_0 where eg1_0.user_id=? and eg1_0.resource_type=? and eg1_0.status=? and eg1_0.effective_at<=? and eg1_0.expire_at>?
2026-06-01T12:58:09.477+08:00  INFO 29160 --- [realworld-backend] [nio-8081-exec-5] r.c.s.e.EntitlementQueryService          : hasAnyBundleAccess userId=33 allowed=false
Hibernate: select up1_0.id,up1_0.bio,up1_0.email,up1_0.image,up1_0.user_auth_id,up1_0.username from users up1_0 where up1_0.user_auth_id=?
Hibernate: select f1_0.id,f1_0.follower_id,f1_0.following_id from user_follow f1_0 left join users f2_0 on f2_0.id=f1_0.follower_id where f2_0.id=?
Hibernate: select up1_0.id,up1_0.bio,up1_0.email,up1_0.image,up1_0.user_auth_id,up1_0.username from users up1_0 where up1_0.user_auth_id=?
Hibernate: select f1_0.id from favorites f1_0 left join users u1_0 on u1_0.id=f1_0.user_id left join articles a1_0 on a1_0.id=f1_0.article_id where u1_0.id=? and a1_0.id=? limit ?
Hibernate: select uap1_0.id,uap1_0.email,uap1_0.mfa_enabled,uap1_0.password_hash,uap1_0.status,uap1_0.username from user_auth_profiles uap1_0 where uap1_0.username=?
2026-06-01T12:58:46.692+08:00  INFO 29160 --- [realworld-backend] [nio-8081-exec-9] r.a.i.stub.SimpleLoginAttemptService     : login success reset fail count, username=seed_reader_123
Hibernate: select as1_0.id,as1_0.created_at,as1_0.device_id,as1_0.expires_at,as1_0.ip,as1_0.last_accessed_at,as1_0.revoked_at,as1_0.risk_level,as1_0.session_id,as1_0.status,as1_0.user_agent,as1_0.user_id from auth_sessions as1_0 where as1_0.user_id=? and as1_0.device_id=?
Hibernate: select as1_0.id,as1_0.created_at,as1_0.device_id,as1_0.expires_at,as1_0.ip,as1_0.last_accessed_at,as1_0.revoked_at,as1_0.risk_level,as1_0.session_id,as1_0.status,as1_0.user_agent,as1_0.user_id from auth_sessions as1_0 where as1_0.user_id=? and as1_0.device_id=?
Hibernate: insert into auth_sessions (created_at,device_id,expires_at,ip,last_accessed_at,revoked_at,risk_level,session_id,status,user_agent,user_id) values (?,?,?,?,?,?,?,?,?,?,?)
Hibernate: select distinct art1_0.family_id from auth_refresh_tokens art1_0 join auth_sessions as1_0 on art1_0.session_id=as1_0.session_id where as1_0.user_id=? and as1_0.device_id=? and as1_0.status=? and as1_0.revoked_at is null
Hibernate: insert into auth_refresh_tokens (created_at,expires_at,family_id,parent_id,revoked_at,session_id,token_hash,used_at) values (?,?,?,?,?,?,?,?)
Hibernate: insert into auth_audit_logs (created_at,device_id,event_type,ip,payload_json,request_id,result,user_agent,user_id) values (?,?,?,?,?,?,?,?,?)
2026-06-01T12:58:46.721+08:00  INFO 29160 --- [realworld-backend] [nio-8081-exec-9] r.a.infrastructure.stub.LogAuditService  : audit eventType=successful login, userId=33, requestId=8f7bb5f2-792c-4d88-a606-953b32746cb5
Hibernate: select uap1_0.id,uap1_0.email,uap1_0.mfa_enabled,uap1_0.password_hash,uap1_0.status,uap1_0.username from user_auth_profiles uap1_0 where uap1_0.email=?
Hibernate: select up1_0.id,up1_0.bio,up1_0.email,up1_0.image,up1_0.user_auth_id,up1_0.username from users up1_0 where up1_0.user_auth_id=?
Hibernate: select up1_0.id,up1_0.bio,up1_0.email,up1_0.image,up1_0.user_auth_id,up1_0.username from users up1_0 where up1_0.email=?
2026-06-01T12:58:46.769+08:00  INFO 29160 --- [realworld-backend] [io-8081-exec-10] r.c.w.r.CurrentUserArgumentResolver      : Resolved CurrentAuthUser from JWT: userId=33, sessionId=c7360153-012d-44e5-b7b9-95f349c3c8b3, claims=[sub, sessionId, id, exp, iat, username]
Hibernate: select case when count(eg1_0.id)>0 then 1 else 0 end from entitlement_grants eg1_0 where eg1_0.user_id=? and eg1_0.resource_type=? and eg1_0.status=? and eg1_0.effective_at<=? and eg1_0.expire_at is null
Hibernate: select case when count(eg1_0.id)>0 then 1 else 0 end from entitlement_grants eg1_0 where eg1_0.user_id=? and eg1_0.resource_type=? and eg1_0.status=? and eg1_0.effective_at<=? and eg1_0.expire_at>?
2026-06-01T12:58:46.774+08:00  INFO 29160 --- [realworld-backend] [io-8081-exec-10] r.c.s.e.EntitlementQueryService          : hasAnyBundleAccess userId=33 allowed=false
Hibernate: select uap1_0.id,uap1_0.email,uap1_0.mfa_enabled,uap1_0.password_hash,uap1_0.status,uap1_0.username from user_auth_profiles uap1_0 where uap1_0.username=?
2026-06-01T12:59:31.231+08:00  INFO 29160 --- [realworld-backend] [nio-8081-exec-5] r.a.i.stub.SimpleLoginAttemptService     : login success reset fail count, username=seed_reader_123
Hibernate: select as1_0.id,as1_0.created_at,as1_0.device_id,as1_0.expires_at,as1_0.ip,as1_0.last_accessed_at,as1_0.revoked_at,as1_0.risk_level,as1_0.session_id,as1_0.status,as1_0.user_agent,as1_0.user_id from auth_sessions as1_0 where as1_0.user_id=? and as1_0.device_id=?
Hibernate: select as1_0.id,as1_0.created_at,as1_0.device_id,as1_0.expires_at,as1_0.ip,as1_0.last_accessed_at,as1_0.revoked_at,as1_0.risk_level,as1_0.session_id,as1_0.status,as1_0.user_agent,as1_0.user_id from auth_sessions as1_0 where as1_0.user_id=? and as1_0.device_id=?
Hibernate: insert into auth_sessions (created_at,device_id,expires_at,ip,last_accessed_at,revoked_at,risk_level,session_id,status,user_agent,user_id) values (?,?,?,?,?,?,?,?,?,?,?)
Hibernate: select distinct art1_0.family_id from auth_refresh_tokens art1_0 join auth_sessions as1_0 on art1_0.session_id=as1_0.session_id where as1_0.user_id=? and as1_0.device_id=? and as1_0.status=? and as1_0.revoked_at is null
Hibernate: insert into auth_refresh_tokens (created_at,expires_at,family_id,parent_id,revoked_at,session_id,token_hash,used_at) values (?,?,?,?,?,?,?,?)
Hibernate: insert into auth_audit_logs (created_at,device_id,event_type,ip,payload_json,request_id,result,user_agent,user_id) values (?,?,?,?,?,?,?,?,?)
2026-06-01T12:59:31.261+08:00  INFO 29160 --- [realworld-backend] [nio-8081-exec-5] r.a.infrastructure.stub.LogAuditService  : audit eventType=successful login, userId=33, requestId=c96e5128-22a6-4b2b-83ef-9cc383464ba4
Hibernate: select uap1_0.id,uap1_0.email,uap1_0.mfa_enabled,uap1_0.password_hash,uap1_0.status,uap1_0.username from user_auth_profiles uap1_0 where uap1_0.email=?
Hibernate: select up1_0.id,up1_0.bio,up1_0.email,up1_0.image,up1_0.user_auth_id,up1_0.username from users up1_0 where up1_0.user_auth_id=?
Hibernate: select up1_0.id,up1_0.bio,up1_0.email,up1_0.image,up1_0.user_auth_id,up1_0.username from users up1_0 where up1_0.email=?
2026-06-01T12:59:31.319+08:00  INFO 29160 --- [realworld-backend] [nio-8081-exec-6] r.c.w.r.CurrentUserArgumentResolver      : Resolved CurrentAuthUser from JWT: userId=33, sessionId=14753935-55ef-479b-a655-2d98c260e853, claims=[sub, sessionId, id, exp, iat, username]
Hibernate: select case when count(eg1_0.id)>0 then 1 else 0 end from entitlement_grants eg1_0 where eg1_0.user_id=? and eg1_0.resource_type=? and eg1_0.status=? and eg1_0.effective_at<=? and eg1_0.expire_at is null
Hibernate: select case when count(eg1_0.id)>0 then 1 else 0 end from entitlement_grants eg1_0 where eg1_0.user_id=? and eg1_0.resource_type=? and eg1_0.status=? and eg1_0.effective_at<=? and eg1_0.expire_at>?
2026-06-01T12:59:31.326+08:00  INFO 29160 --- [realworld-backend] [nio-8081-exec-6] r.c.s.e.EntitlementQueryService          : hasAnyBundleAccess userId=33 allowed=false
[INFO] ------------------------------------------------------------------------
[INFO] BUILD FAILURE
[INFO] ------------------------------------------------------------------------
[INFO] Total time:  02:10 min
[INFO] Finished at: 2026-06-01T12:59:44+08:00
[INFO] ------------------------------------------------------------------------
[ERROR] Failed to execute goal org.springframework.boot:spring-boot-maven-plugin:3.5.14:run (default-cli) on project realworld-backend: Process terminated with exit code: -1 -> [Help 1]
[ERROR] 
[ERROR] To see the full stack trace of the errors, re-run Maven with the -e switch.
[ERROR] Re-run Maven using the -X switch to enable full debug logging.
[ERROR] 
[ERROR] For more information about the errors and possible solutions, please read the following articles:
[ERROR] [Help 1] http://cwiki.apache.org/confluence/display/MAVEN/MojoExecutionException

C:\Users\Administrator\Desktop\saas-frame-medias\realworld-backend>