[INFO] Scanning for projects...
[INFO] 
[INFO] --------------------< realworld:realworld-backend >---------------------
[INFO] Building  0.0.1-SNAPSHOT
[INFO]   from pom.xml
[INFO] --------------------------------[ jar ]---------------------------------
[INFO] 
[INFO] >>> spring-boot:3.5.14:run (default-cli) > test-compile @ realworld-backend >>>
[INFO] 
[INFO] --- resources:3.3.1:resources (default-resources) @ realworld-backend ---
[INFO] Copying 3 resources from src\main\resources to target\classes
[INFO] Copying 26 resources from src\main\resources to target\classes
[INFO] 
[INFO] --- compiler:3.14.1:compile (default-compile) @ realworld-backend ---
[INFO] Nothing to compile - all classes are up to date.
[INFO] 
[INFO] --- resources:3.3.1:testResources (default-testResources) @ realworld-backend ---
[INFO] Not copying test resources
[INFO] 
[INFO] --- compiler:3.14.1:testCompile (default-testCompile) @ realworld-backend ---
[INFO] Not compiling test sources
[INFO] 
[INFO] <<< spring-boot:3.5.14:run (default-cli) < test-compile @ realworld-backend <<<
[INFO] 
[INFO] 
[INFO] --- spring-boot:3.5.14:run (default-cli) @ realworld-backend ---
[INFO] Attaching agents: []

  .   ____          _            __ _ _
 /\\ / ___'_ __ _ _(_)_ __  __ _ \ \ \ \
( ( )\___ | '_ | '_| | '_ \/ _` | \ \ \ \
 \\/  ___)| |_)| | | | | || (_| |  ) ) ) )
  '  |____| .__|_| |_|_| |_\__, | / / / /
 =========|_|==============|___/=/_/_/_/

 :: Spring Boot ::               (v3.5.14)

2026-05-31T12:48:44.630+08:00  INFO 24284 --- [realworld-backend] [           main] r.RealworldBackendApplication            : Starting RealworldBackendApplication using Java 26 with PID 24284 (C:\Users\Administrator\Desktop\saas-frame-medias\realworld-backend\target\classes started by Administrator in C:\Users\Administrator\Desktop\saas-frame-medias\realworld-backend)
2026-05-31T12:48:44.631+08:00  INFO 24284 --- [realworld-backend] [           main] r.RealworldBackendApplication            : The following 1 profile is active: "local"
2026-05-31T12:48:45.564+08:00  INFO 24284 --- [realworld-backend] [           main] .s.d.r.c.RepositoryConfigurationDelegate : Multiple Spring Data modules found, entering strict repository configuration mode
2026-05-31T12:48:45.565+08:00  INFO 24284 --- [realworld-backend] [           main] .s.d.r.c.RepositoryConfigurationDelegate : Bootstrapping Spring Data JPA repositories in DEFAULT mode.
2026-05-31T12:48:45.804+08:00  INFO 24284 --- [realworld-backend] [           main] .s.d.r.c.RepositoryConfigurationDelegate : Finished Spring Data repository scanning in 230 ms. Found 26 JPA repository interfaces.
2026-05-31T12:48:45.814+08:00  INFO 24284 --- [realworld-backend] [           main] .s.d.r.c.RepositoryConfigurationDelegate : Multiple Spring Data modules found, entering strict repository configuration mode
2026-05-31T12:48:45.814+08:00  INFO 24284 --- [realworld-backend] [           main] .s.d.r.c.RepositoryConfigurationDelegate : Bootstrapping Spring Data Redis repositories in DEFAULT mode.
2026-05-31T12:48:45.839+08:00  INFO 24284 --- [realworld-backend] [           main] .RepositoryConfigurationExtensionSupport : Spring Data Redis - Could not safely identify store assignment for repository candidate interface realworld_backend.article.repository.ArticleRepository; If you want this repository to be a Redis repository, consider annotating your entities with one of these annotations: org.springframework.data.redis.core.RedisHash (preferred), or consider extending one of the following types with your repository: org.springframework.data.keyvalue.repository.KeyValueRepository
2026-05-31T12:48:45.839+08:00  INFO 24284 --- [realworld-backend] [           main] .RepositoryConfigurationExtensionSupport : Spring Data Redis - Could not safely identify store assignment for repository candidate interface realworld_backend.article.repository.AuthorRepository; If you want this repository to be a Redis repository, consider annotating your entities with one of these annotations: org.springframework.data.redis.core.RedisHash (preferred), or consider extending one of the following types with your repository: org.springframework.data.keyvalue.repository.KeyValueRepository
2026-05-31T12:48:45.840+08:00  INFO 24284 --- [realworld-backend] [           main] .RepositoryConfigurationExtensionSupport : Spring Data Redis - Could not safely identify store assignment for repository candidate interface realworld_backend.article.repository.CommentRepository; If you want this repository to be a Redis repository, consider annotating your entities with one of these annotations: org.springframework.data.redis.core.RedisHash (preferred), or consider extending one of the following types with your repository: org.springframework.data.keyvalue.repository.KeyValueRepository
2026-05-31T12:48:45.840+08:00  INFO 24284 --- [realworld-backend] [           main] .RepositoryConfigurationExtensionSupport : Spring Data Redis - Could not safely identify store assignment for repository candidate interface realworld_backend.article.repository.FavoriteRepository; If you want this repository to be a Redis repository, consider annotating your entities with one of these annotations: org.springframework.data.redis.core.RedisHash (preferred), or consider extending one of the following types with your repository: org.springframework.data.keyvalue.repository.KeyValueRepository
2026-05-31T12:48:45.840+08:00  INFO 24284 --- [realworld-backend] [           main] .RepositoryConfigurationExtensionSupport : Spring Data Redis - Could not safely identify store assignment for repository candidate interface realworld_backend.article.repository.FollowRepository; If you want this repository to be a Redis repository, consider annotating your entities with one of these annotations: org.springframework.data.redis.core.RedisHash (preferred), or consider extending one of the following types with your repository: org.springframework.data.keyvalue.repository.KeyValueRepository
2026-05-31T12:48:45.841+08:00  INFO 24284 --- [realworld-backend] [           main] .RepositoryConfigurationExtensionSupport : Spring Data Redis - Could not safely identify store assignment for repository candidate interface realworld_backend.article.repository.RoleRepository; If you want this repository to be a Redis repository, consider annotating your entities with one of these annotations: org.springframework.data.redis.core.RedisHash (preferred), or consider extending one of the following types with your repository: org.springframework.data.keyvalue.repository.KeyValueRepository
2026-05-31T12:48:45.841+08:00  INFO 24284 --- [realworld-backend] [           main] .RepositoryConfigurationExtensionSupport : Spring Data Redis - Could not safely identify store assignment for repository candidate interface realworld_backend.article.repository.TagRepository; If you want this repository to be a Redis repository, consider annotating your entities with one of these annotations: org.springframework.data.redis.core.RedisHash (preferred), or consider extending one of the following types with your repository: org.springframework.data.keyvalue.repository.KeyValueRepository
2026-05-31T12:48:45.841+08:00  INFO 24284 --- [realworld-backend] [           main] .RepositoryConfigurationExtensionSupport : Spring Data Redis - Could not safely identify store assignment for repository candidate interface realworld_backend.article.repository.UserProfileRepository; If you want this repository to be a Redis repository, consider annotating your entities with one of these annotations: org.springframework.data.redis.core.RedisHash (preferred), or consider extending one of the following types with your repository: org.springframework.data.keyvalue.repository.KeyValueRepository
2026-05-31T12:48:45.841+08:00  INFO 24284 --- [realworld-backend] [           main] .RepositoryConfigurationExtensionSupport : Spring Data Redis - Could not safely identify store assignment for repository candidate interface realworld_backend.auth.repository.AuthAuditLogRepository; If you want this repository to be a Redis repository, consider annotating your entities with one of these annotations: org.springframework.data.redis.core.RedisHash (preferred), or consider extending one of the following types with your repository: org.springframework.data.keyvalue.repository.KeyValueRepository
2026-05-31T12:48:45.841+08:00  INFO 24284 --- [realworld-backend] [           main] .RepositoryConfigurationExtensionSupport : Spring Data Redis - Could not safely identify store assignment for repository candidate interface realworld_backend.auth.repository.AuthRefreshTokenRepository; If you want this repository to be a Redis repository, consider annotating your entities with one of these annotations: org.springframework.data.redis.core.RedisHash (preferred), or consider extending one of the following types with your repository: org.springframework.data.keyvalue.repository.KeyValueRepository
2026-05-31T12:48:45.841+08:00  INFO 24284 --- [realworld-backend] [           main] .RepositoryConfigurationExtensionSupport : Spring Data Redis - Could not safely identify store assignment for repository candidate interface realworld_backend.auth.repository.AuthSessionRepository; If you want this repository to be a Redis repository, consider annotating your entities with one of these annotations: org.springframework.data.redis.core.RedisHash (preferred), or consider extending one of the following types with your repository: org.springframework.data.keyvalue.repository.KeyValueRepository
2026-05-31T12:48:45.841+08:00  INFO 24284 --- [realworld-backend] [           main] .RepositoryConfigurationExtensionSupport : Spring Data Redis - Could not safely identify store assignment for repository candidate interface realworld_backend.auth.repository.UserAuthProfileRepository; If you want this repository to be a Redis repository, consider annotating your entities with one of these annotations: org.springframework.data.redis.core.RedisHash (preferred), or consider extending one of the following types with your repository: org.springframework.data.keyvalue.repository.KeyValueRepository
2026-05-31T12:48:45.841+08:00  INFO 24284 --- [realworld-backend] [           main] .RepositoryConfigurationExtensionSupport : Spring Data Redis - Could not safely identify store assignment for repository candidate interface realworld_backend.commerce.repository.AbnormalOrderRepository; If you want this repository to be a Redis repository, consider annotating your entities with one of these annotations: org.springframework.data.redis.core.RedisHash (preferred), or consider extending one of the following types with your repository: org.springframework.data.keyvalue.repository.KeyValueRepository
2026-05-31T12:48:45.842+08:00  INFO 24284 --- [realworld-backend] [           main] .RepositoryConfigurationExtensionSupport : Spring Data Redis - Could not safely identify store assignment for repository candidate interface realworld_backend.commerce.repository.BusinessEventRepository; If you want this repository to be a Redis repository, consider annotating your entities with one of these annotations: org.springframework.data.redis.core.RedisHash (preferred), or consider extending one of the following types with your repository: org.springframework.data.keyvalue.repository.KeyValueRepository
2026-05-31T12:48:45.842+08:00  INFO 24284 --- [realworld-backend] [           main] .RepositoryConfigurationExtensionSupport : Spring Data Redis - Could not safely identify store assignment for repository candidate interface realworld_backend.commerce.repository.CustomerSubscriptionRepository; If you want this repository to be a Redis repository, consider annotating your entities with one of these annotations: org.springframework.data.redis.core.RedisHash (preferred), or consider extending one of the following types with your repository: org.springframework.data.keyvalue.repository.KeyValueRepository
2026-05-31T12:48:45.842+08:00  INFO 24284 --- [realworld-backend] [           main] .RepositoryConfigurationExtensionSupport : Spring Data Redis - Could not safely identify store assignment for repository candidate interface realworld_backend.commerce.repository.EntitlementGrantRepository; If you want this repository to be a Redis repository, consider annotating your entities with one of these annotations: org.springframework.data.redis.core.RedisHash (preferred), or consider extending one of the following types with your repository: org.springframework.data.keyvalue.repository.KeyValueRepository
2026-05-31T12:48:45.843+08:00  INFO 24284 --- [realworld-backend] [           main] .RepositoryConfigurationExtensionSupport : Spring Data Redis - Could not safely identify store assignment for repository candidate interface realworld_backend.commerce.repository.FeatureBundleRepository; If you want this repository to be a Redis repository, consider annotating your entities with one of these annotations: org.springframework.data.redis.core.RedisHash (preferred), or consider extending one of the following types with your repository: org.springframework.data.keyvalue.repository.KeyValueRepository
2026-05-31T12:48:45.843+08:00  INFO 24284 --- [realworld-backend] [           main] .RepositoryConfigurationExtensionSupport : Spring Data Redis - Could not safely identify store assignment for repository candidate interface realworld_backend.commerce.repository.InvoiceRepository; If you want this repository to be a Redis repository, consider annotating your entities with one of these annotations: org.springframework.data.redis.core.RedisHash (preferred), or consider extending one of the following types with your repository: org.springframework.data.keyvalue.repository.KeyValueRepository
2026-05-31T12:48:45.843+08:00  INFO 24284 --- [realworld-backend] [           main] .RepositoryConfigurationExtensionSupport : Spring Data Redis - Could not safely identify store assignment for repository candidate interface realworld_backend.commerce.repository.OrderRepository; If you want this repository to be a Redis repository, consider annotating your entities with one of these annotations: org.springframework.data.redis.core.RedisHash (preferred), or consider extending one of the following types with your repository: org.springframework.data.keyvalue.repository.KeyValueRepository
2026-05-31T12:48:45.843+08:00  INFO 24284 --- [realworld-backend] [           main] .RepositoryConfigurationExtensionSupport : Spring Data Redis - Could not safely identify store assignment for repository candidate interface realworld_backend.commerce.repository.PaymentErrorLogRepository; If you want this repository to be a Redis repository, consider annotating your entities with one of these annotations: org.springframework.data.redis.core.RedisHash (preferred), or consider extending one of the following types with your repository: org.springframework.data.keyvalue.repository.KeyValueRepository
2026-05-31T12:48:45.843+08:00  INFO 24284 --- [realworld-backend] [           main] .RepositoryConfigurationExtensionSupport : Spring Data Redis - Could not safely identify store assignment for repository candidate interface realworld_backend.commerce.repository.PaymentRepository; If you want this repository to be a Redis repository, consider annotating your entities with one of these annotations: org.springframework.data.redis.core.RedisHash (preferred), or consider extending one of the following types with your repository: org.springframework.data.keyvalue.repository.KeyValueRepository
2026-05-31T12:48:45.843+08:00  INFO 24284 --- [realworld-backend] [           main] .RepositoryConfigurationExtensionSupport : Spring Data Redis - Could not safely identify store assignment for repository candidate interface realworld_backend.commerce.repository.PlanProviderMappingRepository; If you want this repository to be a Redis repository, consider annotating your entities with one of these annotations: org.springframework.data.redis.core.RedisHash (preferred), or consider extending one of the following types with your repository: org.springframework.data.keyvalue.repository.KeyValueRepository
2026-05-31T12:48:45.843+08:00  INFO 24284 --- [realworld-backend] [           main] .RepositoryConfigurationExtensionSupport : Spring Data Redis - Could not safely identify store assignment for repository candidate interface realworld_backend.commerce.repository.ProductRepository; If you want this repository to be a Redis repository, consider annotating your entities with one of these annotations: org.springframework.data.redis.core.RedisHash (preferred), or consider extending one of the following types with your repository: org.springframework.data.keyvalue.repository.KeyValueRepository
2026-05-31T12:48:45.844+08:00  INFO 24284 --- [realworld-backend] [           main] .RepositoryConfigurationExtensionSupport : Spring Data Redis - Could not safely identify store assignment for repository candidate interface realworld_backend.commerce.repository.SubscriptionHistoryRepository; If you want this repository to be a Redis repository, consider annotating your entities with one of these annotations: org.springframework.data.redis.core.RedisHash (preferred), or consider extending one of the following types with your repository: org.springframework.data.keyvalue.repository.KeyValueRepository
2026-05-31T12:48:45.844+08:00  INFO 24284 --- [realworld-backend] [           main] .RepositoryConfigurationExtensionSupport : Spring Data Redis - Could not safely identify store assignment for repository candidate interface realworld_backend.commerce.repository.SubscriptionPlanRepository; If you want this repository to be a Redis repository, consider annotating your entities with one of these annotations: org.springframework.data.redis.core.RedisHash (preferred), or consider extending one of the following types with your repository: org.springframework.data.keyvalue.repository.KeyValueRepository
2026-05-31T12:48:45.844+08:00  INFO 24284 --- [realworld-backend] [           main] .RepositoryConfigurationExtensionSupport : Spring Data Redis - Could not safely identify store assignment for repository candidate interface realworld_backend.commerce.repository.WebhookIncidentRepository; If you want this repository to be a Redis repository, consider annotating your entities with one of these annotations: org.springframework.data.redis.core.RedisHash (preferred), or consider extending one of the following types with your repository: org.springframework.data.keyvalue.repository.KeyValueRepository
2026-05-31T12:48:45.844+08:00  INFO 24284 --- [realworld-backend] [           main] .s.d.r.c.RepositoryConfigurationDelegate : Finished Spring Data repository scanning in 22 ms. Found 0 Redis repository interfaces.
2026-05-31T12:48:46.330+08:00  INFO 24284 --- [realworld-backend] [           main] o.s.b.w.embedded.tomcat.TomcatWebServer  : Tomcat initialized with port 8081 (http)
2026-05-31T12:48:46.340+08:00  INFO 24284 --- [realworld-backend] [           main] o.apache.catalina.core.StandardService   : Starting service [Tomcat]
2026-05-31T12:48:46.341+08:00  INFO 24284 --- [realworld-backend] [           main] o.apache.catalina.core.StandardEngine    : Starting Servlet engine: [Apache Tomcat/10.1.54]
2026-05-31T12:48:46.391+08:00  INFO 24284 --- [realworld-backend] [           main] o.a.c.c.C.[Tomcat].[localhost].[/]       : Initializing Spring embedded WebApplicationContext
2026-05-31T12:48:46.392+08:00  INFO 24284 --- [realworld-backend] [           main] w.s.c.ServletWebServerApplicationContext : Root WebApplicationContext: initialization completed in 1729 ms
2026-05-31T12:48:46.619+08:00  INFO 24284 --- [realworld-backend] [           main] o.hibernate.jpa.internal.util.LogHelper  : HHH000204: Processing PersistenceUnitInfo [name: default]
2026-05-31T12:48:46.649+08:00  INFO 24284 --- [realworld-backend] [           main] org.hibernate.Version                    : HHH000412: Hibernate ORM core version 6.6.49.Final
2026-05-31T12:48:46.671+08:00  INFO 24284 --- [realworld-backend] [           main] o.h.c.internal.RegionFactoryInitiator    : HHH000026: Second-level cache disabled
2026-05-31T12:48:46.862+08:00  INFO 24284 --- [realworld-backend] [           main] o.s.o.j.p.SpringPersistenceUnitInfo      : No LoadTimeWeaver setup: ignoring JPA class transformer
2026-05-31T12:48:46.893+08:00  INFO 24284 --- [realworld-backend] [           main] com.zaxxer.hikari.HikariDataSource       : HikariPool-1 - Starting...
2026-05-31T12:48:47.159+08:00  INFO 24284 --- [realworld-backend] [           main] com.zaxxer.hikari.pool.HikariPool        : HikariPool-1 - Added connection com.mysql.cj.jdbc.ConnectionImpl@1ec4fdcf
2026-05-31T12:48:47.161+08:00  INFO 24284 --- [realworld-backend] [           main] com.zaxxer.hikari.HikariDataSource       : HikariPool-1 - Start completed.
2026-05-31T12:48:47.228+08:00  INFO 24284 --- [realworld-backend] [           main] org.hibernate.orm.connections.pooling    : HHH10001005: Database info:
	Database JDBC URL [Connecting through datasource 'HikariDataSource (HikariPool-1)']
	Database driver: undefined/unknown
	Database version: 9.6
	Autocommit mode: undefined/unknown
	Isolation level: undefined/unknown
	Minimum pool size: undefined/unknown
	Maximum pool size: undefined/unknown
2026-05-31T12:48:48.351+08:00  INFO 24284 --- [realworld-backend] [           main] o.h.e.t.j.p.i.JtaPlatformInitiator       : HHH000489: No JTA platform available (set 'hibernate.transaction.jta.platform' to enable JTA platform integration)
Hibernate: alter table customer_subscriptions add column last_checkout_event_created_at datetime(6)
Hibernate: alter table customer_subscriptions add column last_lifecycle_event_created_at datetime(6)
Hibernate: create table feature_bundle_items (bundle_id bigint not null, feature_code VARCHAR(50) not null, primary key (bundle_id, feature_code)) engine=InnoDB
Hibernate: create table feature_bundles (id bigint not null auto_increment, bundle_code varchar(64) not null, created_at datetime(6) not null, description varchar(500), name varchar(120) not null, status VARCHAR(50) not null, updated_at datetime(6) not null, primary key (id)) engine=InnoDB
Hibernate: alter table subscription_plans add column feature_bundle_id bigint
Hibernate: create index idx_feature_bundle_status on feature_bundles (status)
Hibernate: alter table feature_bundles drop index UK64h0346vevysq61bufdjkhhuw
Hibernate: alter table feature_bundles add constraint UK64h0346vevysq61bufdjkhhuw unique (bundle_code)
Hibernate: alter table feature_bundle_items add constraint FKr65n37y3c1w10fa7puuef14nu foreign key (bundle_id) references feature_bundles (id)
Hibernate: alter table subscription_plans add constraint FKig7q4bgy1w9w6lxikox7ftaa0 foreign key (feature_bundle_id) references feature_bundles (id)
2026-05-31T12:48:48.714+08:00  INFO 24284 --- [realworld-backend] [           main] j.LocalContainerEntityManagerFactoryBean : Initialized JPA EntityManagerFactory for persistence unit 'default'
2026-05-31T12:48:49.031+08:00  INFO 24284 --- [realworld-backend] [           main] o.s.d.j.r.query.QueryEnhancerFactory     : Hibernate is in classpath; If applicable, HQL parser will be used.
WARNING: A terminally deprecated method in sun.misc.Unsafe has been called
WARNING: sun.misc.Unsafe::allocateMemory has been called by io.netty.util.internal.PlatformDependent0$2 (file:/C:/Users/Administrator/.m2/repository/io/netty/netty-common/4.1.132.Final/netty-common-4.1.132.Final.jar)
WARNING: Please consider reporting this to the maintainers of class io.netty.util.internal.PlatformDependent0$2
WARNING: sun.misc.Unsafe::allocateMemory will be removed in a future release
2026-05-31T12:48:51.754+08:00  INFO 24284 --- [realworld-backend] [           main] org.redisson.Version                     : Redisson 3.27.2
2026-05-31T12:48:51.996+08:00  INFO 24284 --- [realworld-backend] [isson-netty-4-5] o.redisson.connection.ConnectionsHolder  : 1 connections initialized for localhost/127.0.0.1:6379
2026-05-31T12:48:52.064+08:00  INFO 24284 --- [realworld-backend] [sson-netty-4-20] o.redisson.connection.ConnectionsHolder  : 24 connections initialized for localhost/127.0.0.1:6379
2026-05-31T12:48:52.296+08:00  WARN 24284 --- [realworld-backend] [           main] JpaBaseConfiguration$JpaWebConfiguration : spring.jpa.open-in-view is enabled by default. Therefore, database queries may be performed during view rendering. Explicitly configure spring.jpa.open-in-view to disable this warning
2026-05-31T12:48:52.580+08:00  INFO 24284 --- [realworld-backend] [           main] o.s.b.a.e.web.EndpointLinksResolver      : Exposing 4 endpoints beneath base path '/actuator'
2026-05-31T12:48:53.295+08:00  INFO 24284 --- [realworld-backend] [           main] o.s.b.w.embedded.tomcat.TomcatWebServer  : Tomcat started on port 8081 (http) with context path '/'
2026-05-31T12:48:53.306+08:00  INFO 24284 --- [realworld-backend] [           main] r.RealworldBackendApplication            : Started RealworldBackendApplication in 9.079 seconds (process running for 9.434)
2026-05-31T12:49:18.940+08:00  INFO 24284 --- [realworld-backend] [nio-8081-exec-2] o.a.c.c.C.[Tomcat].[localhost].[/]       : Initializing Spring DispatcherServlet 'dispatcherServlet'
2026-05-31T12:49:18.940+08:00  INFO 24284 --- [realworld-backend] [nio-8081-exec-2] o.s.web.servlet.DispatcherServlet        : Initializing Servlet 'dispatcherServlet'
2026-05-31T12:49:18.942+08:00  INFO 24284 --- [realworld-backend] [nio-8081-exec-2] o.s.web.servlet.DispatcherServlet        : Completed initialization in 2 ms
Hibernate: select distinct a1_0.id,a1_0.author_id,a1_0.body,a1_0.created_at,a1_0.description,a1_0.favorites_count,a1_0.slug,a1_0.title,a1_0.updated_at from articles a1_0 left join article_tags tl1_0 on a1_0.id=tl1_0.article_id left join tags tl1_1 on tl1_1.id=tl1_0.tag_id where (? is null or a1_0.author_id=?) and (? is null or tl1_1.name=?) and (? is null or exists(select 1 from favorites f1_0 where f1_0.article_id=a1_0.id and f1_0.user_id=?)) order by a1_0.created_at desc,a1_0.id desc limit ?
Hibernate: select t1_0.id,t1_0.name from tags t1_0
Hibernate: select count(distinct a1_0.id) from articles a1_0 left join article_tags tl1_0 on a1_0.id=tl1_0.article_id left join tags tl1_1 on tl1_1.id=tl1_0.tag_id where (? is null or a1_0.author_id=?) and (? is null or tl1_1.name=?) and (? is null or exists(select 1 from favorites f1_0 where f1_0.article_id=a1_0.id and f1_0.user_id=?))
